Initializing Mt5Client with UAT config...
Fetching user info for login: 1005...
Error testing getUser: HTTP 403 when fetching /api/auth/answer?srv_rand_answer=dd61c74b2e15722ac259fa6e8115bcc1&cli_rand=16ef06a67c07b190007f038493e494e4: 403 Forbidden